
> korpuspro@0.1.0 build
> next build

Ôľ▓ Next.js 16.1.6 (Turbopack)

  Creating an optimized production build ...
Ôťô Compiled successfully in 6.6s
  Running TypeScript ...
node.exe : Failed to compile.
At C:\Program Files\nodejs\npm.ps1:29 char:3
+   & $NODE_EXE $NPM_CLI_JS $args
+   ~~~~~~~~~~~~~~~~~~~~~~~~~~~~~
    + CategoryInfo          : NotSpecified: (Failed to compile.:String) [], RemoteException
    + FullyQualifiedErrorId : NativeCommandError
 

./src/components/CabinetForm.tsx:1576:663
Type error: Argument of type 'number' is not assignable to parameter of type 'boolean | undefined'.

[0m [90m 1574 |[39m                                                                                 setFormData(prev
 [33m=>[39m {
 [90m 1575 |[39m                                                                                     [36mconst[39m 
updated [33m=[39m { [33m...[39mprev[33m,[39m hoodHoleOffset[33m:[39m val }[33m;[39m
[31m[1m>[22m[39m[90m 1576 |[39m                                                                                  
   updated[33m.[39melements [33m=[39m generateFixedElements(updated[33m.[39mwidth[33m,[39m updated[33m.[39mhe
ight[33m,[39m updated[33m.[39mdepth[33m,[39m updated[33m.[39misFullTop[33m,[39m updated[33m.[39mconfigurati
on[33m,[39m cabinet[33m.[39mid[33m,[39m updated[33m.[39mcornerOrientation[33m,[39m updated[33m.[39mfrontWid
th[33m,[39m updated[33m.[39mfridgeSpaceHeight[33m,[39m updated[33m.[39movenSpaceHeight[33m,[39m updated[33m.
[39mconfigUnder [33m||[39m [][33m,[39m updated[33m.[39mconfigAbove [33m||[39m [][33m,[39m updated[33m.[39m
microwaveSpaceHeight[33m,[39m updated[33m.[39movenBaseHeight[33m,[39m updated[33m.[39mwidth2[33m,[39m updated
[33m.[39mhasFronts[33m,[39m updated[33m.[39mfrontMaterial[33m,[39m updated[33m.[39msplitCargoFront[33m,[39m
 updated[33m.[39mhoodHeight[33m,[39m updated[33m.[39mhoodCutoutSide[33m,[39m updated[33m.[39mhoodCutoutOffset
[33m,[39m updated[33m.[39mhoodCutoutWidth[33m,[39m updated[33m.[39mhoodCutoutDepth[33m,[39m updated[33m.[39
mhoodHoleSide[33m,[39m val[33m,[39m updated[33m.[39mhoodHoleOffset[33m,[39m updated[33m.[39mhasHoodHoleTop[3
3m,[39m updated[33m.[39mhasShelfHoles[33m,[39m updated[33m.[39mshelfHoleCount[33m,[39m updated[33m.[39mexten
dFrontDown[33m,[39m updated[33m.[39mdepthRogowa)[33m;[39m
 [90m      |[39m                                                                                                     
                                                                                                                       
                                                                                                                       
                                                                                                                       
                                                                                                                       
                                                                                      [31m[1m^[22m[39m
 [90m 1577 |[39m                                                                                     [36mreturn[39m
 updated[33m;[39m
 [90m 1578 |[39m                                                                                 })[33m;[39m
 [90m 1579 |[39m                                                                             }}[0m
Next.js build worker exited with code: 1 and signal: null
